com/example/grupp2_system/InfoFoodController.class
com/example/grupp2_system/TravelDateController$1.class
com/example/grupp2_system/SceneManager/SceneManager.class
com/example/grupp2_system/HelloApplication.class
com/example/grupp2_system/HotelInformationController.class
com/example/grupp2_system/Controllers/HyttInformationController.class
com/example/grupp2_system/App/Main.class
com/example/grupp2_system/PriceCalculator.class
com/example/grupp2_system/TravelDateController.class
com/example/grupp2_system/Booking/BookingManager.class
com/example/grupp2_system/DepartureViewController.class
com/example/grupp2_system/CustomerInformationController.class
com/example/grupp2_system/TravelDateController$2.class
com/example/grupp2_system/loadcashcardcontroller.class
com/example/grupp2_system/EventInformationController.class
com/example/grupp2_system/App/Launcher.class
com/example/grupp2_system/MatbokningtillController.class
com/example/grupp2_system/CheckDataController.class
com/example/grupp2_system/MarsHotellController.class
com/example/grupp2_system/HyttAlternativTillbakaController.class
com/example/grupp2_system/MatbokningFrånController.class
com/example/grupp2_system/TravelDateController$3.class
com/example/grupp2_system/HyttalternativController.class
com/example/grupp2_system/EventAlternativeFromMarsController.class
com/example/grupp2_system/Customer/CustomerManager.class
com/example/grupp2_system/Booking/Booking.class
com/example/grupp2_system/InfoCabinController.class
com/example/grupp2_system/InformationPageController.class
com/example/grupp2_system/MainMenuController.class
com/example/grupp2_system/EventAlternativController.class
com/example/grupp2_system/HyttInformationController.class
com/example/grupp2_system/Customer/Customer.class
com/example/grupp2_system/StartpageController.class
com/example/grupp2_system/SearchBookingController.class
