/Users/gustavolin/Documents/Systemutvecklingskods/grupp2_system/src/main/java/com/example/grupp2_system/App/Launcher.java
/Users/gustavolin/Documents/Systemutvecklingskods/grupp2_system/src/main/java/com/example/grupp2_system/App/Main.java
/Users/gustavolin/Documents/Systemutvecklingskods/grupp2_system/src/main/java/com/example/grupp2_system/Booking/Booking.java
/Users/gustavolin/Documents/Systemutvecklingskods/grupp2_system/src/main/java/com/example/grupp2_system/Booking/BookingManager.java
/Users/gustavolin/Documents/Systemutvecklingskods/grupp2_system/src/main/java/com/example/grupp2_system/CheckDataController.java
/Users/gustavolin/Documents/Systemutvecklingskods/grupp2_system/src/main/java/com/example/grupp2_system/Controllers/HyttInformationController.java
/Users/gustavolin/Documents/Systemutvecklingskods/grupp2_system/src/main/java/com/example/grupp2_system/Customer/Customer.java
/Users/gustavolin/Documents/Systemutvecklingskods/grupp2_system/src/main/java/com/example/grupp2_system/Customer/CustomerManager.java
/Users/gustavolin/Documents/Systemutvecklingskods/grupp2_system/src/main/java/com/example/grupp2_system/CustomerInformationController.java
/Users/gustavolin/Documents/Systemutvecklingskods/grupp2_system/src/main/java/com/example/grupp2_system/DepartureViewController.java
/Users/gustavolin/Documents/Systemutvecklingskods/grupp2_system/src/main/java/com/example/grupp2_system/EventAlternativController.java
/Users/gustavolin/Documents/Systemutvecklingskods/grupp2_system/src/main/java/com/example/grupp2_system/EventAlternativeFromMarsController.java
/Users/gustavolin/Documents/Systemutvecklingskods/grupp2_system/src/main/java/com/example/grupp2_system/EventInformationController.java
/Users/gustavolin/Documents/Systemutvecklingskods/grupp2_system/src/main/java/com/example/grupp2_system/HelloApplication.java
/Users/gustavolin/Documents/Systemutvecklingskods/grupp2_system/src/main/java/com/example/grupp2_system/HotelInformationController.java
/Users/gustavolin/Documents/Systemutvecklingskods/grupp2_system/src/main/java/com/example/grupp2_system/HyttAlternativTillbakaController.java
/Users/gustavolin/Documents/Systemutvecklingskods/grupp2_system/src/main/java/com/example/grupp2_system/HyttInformationController.java
/Users/gustavolin/Documents/Systemutvecklingskods/grupp2_system/src/main/java/com/example/grupp2_system/HyttalternativController.java
/Users/gustavolin/Documents/Systemutvecklingskods/grupp2_system/src/main/java/com/example/grupp2_system/InfoCabinController.java
/Users/gustavolin/Documents/Systemutvecklingskods/grupp2_system/src/main/java/com/example/grupp2_system/InfoFoodController.java
/Users/gustavolin/Documents/Systemutvecklingskods/grupp2_system/src/main/java/com/example/grupp2_system/InformationPageController.java
/Users/gustavolin/Documents/Systemutvecklingskods/grupp2_system/src/main/java/com/example/grupp2_system/MainMenuController.java
/Users/gustavolin/Documents/Systemutvecklingskods/grupp2_system/src/main/java/com/example/grupp2_system/MarsHotellController.java
/Users/gustavolin/Documents/Systemutvecklingskods/grupp2_system/src/main/java/com/example/grupp2_system/MatbokningFrånController.java
/Users/gustavolin/Documents/Systemutvecklingskods/grupp2_system/src/main/java/com/example/grupp2_system/MatbokningtillController.java
/Users/gustavolin/Documents/Systemutvecklingskods/grupp2_system/src/main/java/com/example/grupp2_system/PriceCalculator.java
/Users/gustavolin/Documents/Systemutvecklingskods/grupp2_system/src/main/java/com/example/grupp2_system/SceneManager/SceneManager.java
/Users/gustavolin/Documents/Systemutvecklingskods/grupp2_system/src/main/java/com/example/grupp2_system/SearchBookingController.java
/Users/gustavolin/Documents/Systemutvecklingskods/grupp2_system/src/main/java/com/example/grupp2_system/StartpageController.java
/Users/gustavolin/Documents/Systemutvecklingskods/grupp2_system/src/main/java/com/example/grupp2_system/TravelDateController.java
/Users/gustavolin/Documents/Systemutvecklingskods/grupp2_system/src/main/java/com/example/grupp2_system/loadcashcardcontroller.java
